../Core/Src/lcd.c:18:6:lcd_init	16	static
../Core/Src/lcd.c:26:6:lcd_begin	16	static
../Core/Src/lcd.c:104:6:lcd_home	8	static
../Core/Src/lcd.c:109:6:lcd_display	16	static
../Core/Src/lcd.c:123:6:lcd_enable	24	static
../Core/Src/lcd.c:133:6:write_8bit	16	static
../Core/Src/lcd.c:147:6:lcd_send_cmd	16	static
../Core/Src/lcd.c:153:6:lcd_clear	8	static
../Core/Src/lcd.c:159:6:lcd_send_data	16	static
../Core/Src/lcd.c:165:6:lcd_cursor	16	static
../Core/Src/lcd.c:179:6:lcd_blink	16	static
../Core/Src/lcd.c:193:6:lcd_scrollDisplayLeft	8	static
../Core/Src/lcd.c:198:6:lcd_scrollDisplayRight	8	static
../Core/Src/lcd.c:203:6:lcd_leftToRight	8	static
../Core/Src/lcd.c:209:6:lcd_rightToLeft	8	static
../Core/Src/lcd.c:215:6:lcd_autoscroll	16	static
../Core/Src/lcd.c:229:6:lcd_print	16	static
../Core/Src/lcd.c:238:6:lcd_set_cursor	40	static
