../Core/Src/lcd.c:18:6:lcd_gpio_init	48	static
../Core/Src/lcd.c:61:6:lcd_init	16	static
../Core/Src/lcd.c:69:6:lcd_begin	16	static
../Core/Src/lcd.c:146:6:lcd_home	8	static
../Core/Src/lcd.c:151:6:lcd_display	16	static
../Core/Src/lcd.c:165:6:lcd_enable	8	static
../Core/Src/lcd.c:175:6:write_8bit	16	static
../Core/Src/lcd.c:189:6:lcd_send_cmd	16	static
../Core/Src/lcd.c:195:6:lcd_clear	8	static
../Core/Src/lcd.c:201:6:lcd_send_data	16	static
../Core/Src/lcd.c:207:6:lcd_cursor	16	static
../Core/Src/lcd.c:221:6:lcd_blink	16	static
../Core/Src/lcd.c:235:6:lcd_scrollDisplayLeft	8	static
../Core/Src/lcd.c:240:6:lcd_scrollDisplayRight	8	static
../Core/Src/lcd.c:245:6:lcd_leftToRight	8	static
../Core/Src/lcd.c:251:6:lcd_rightToLeft	8	static
../Core/Src/lcd.c:257:6:lcd_autoscroll	16	static
../Core/Src/lcd.c:271:6:lcd_print	16	static
../Core/Src/lcd.c:280:6:lcd_set_cursor	40	static
